{
  "name": "Mohamed",
  "age": 37,
  "nationality": "British"
}